{
  "metadata": {
    "valueParameterInfo": [
      [
        "Amount of Ada",
        {
          "valueParameterFormat": {
            "contents": [0, "â‚³"],
            "tag": "DecimalFormat"
          },
          "valueParameterDescription": "Amount of Ada to be exchanged for dollars."
        }
      ],
      [
        "Amount of dollars",
        {
          "valueParameterFormat": {
            "contents": [0, "$"],
            "tag": "DecimalFormat"
          },
          "valueParameterDescription": "Amount of dollar tokens to be exchanged for Ada."
        }
      ]
    ],
    "timeParameterDescriptions": [
      ["Timeout for Ada deposit", "Deadline by which Ada must be deposited."],
      [
        "Timeout for dollar deposit",
        "Deadline by which dollar tokens must be deposited (must be after the deadline for Ada deposit)."
      ]
    ],
    "roleDescriptions": [
      ["Ada provider", "The party that provides the Ada."],
      ["Dollar provider", "The party that provides the dollar tokens."]
    ],
    "contractType": "Swap",
    "contractShortDescription": "Atomically exchange of Ada and dollar tokens.",
    "contractName": "Swap of Ada and dollar tokens",
    "contractLongDescription": "Waits until one party deposits Ada and the other party deposits dollar tokens. If both parties collaborate it carries the exchange atomically, otherwise parties are refunded.",
    "choiceInfo": []
  },
  "me_version": 1,
  "contract": {
    "when": [
      {
        "then": {
          "when": [
            {
              "then": {
                "token": {
                  "token_name": "",
                  "currency_symbol": ""
                },
                "to": {
                  "party": {
                    "role_token": "Dollar provider"
                  }
                },
                "then": {
                  "token": {
                    "token_name": "dollar",
                    "currency_symbol": "85bb65"
                  },
                  "to": {
                    "party": {
                      "role_token": "Ada provider"
                    }
                  },
                  "then": "close",
                  "pay": {
                    "constant_param": "Amount of dollars"
                  },
                  "from_account": {
                    "role_token": "Dollar provider"
                  }
                },
                "pay": {
                  "times": {
                    "constant_param": "Amount of Ada"
                  },
                  "multiply": 1000000
                },
                "from_account": {
                  "role_token": "Ada provider"
                }
              },
              "case": {
                "party": {
                  "role_token": "Dollar provider"
                },
                "of_token": {
                  "token_name": "dollar",
                  "currency_symbol": "85bb65"
                },
                "into_account": {
                  "role_token": "Dollar provider"
                },
                "deposits": {
                  "constant_param": "Amount of dollars"
                }
              }
            }
          ],
          "timeout_continuation": "close",
          "timeout": {
            "time_param": "Timeout for dollar deposit"
          }
        },
        "case": {
          "party": {
            "role_token": "Ada provider"
          },
          "of_token": {
            "token_name": "",
            "currency_symbol": ""
          },
          "into_account": {
            "role_token": "Ada provider"
          },
          "deposits": {
            "times": {
              "constant_param": "Amount of Ada"
            },
            "multiply": 1000000
          }
        }
      }
    ],
    "timeout_continuation": "close",
    "timeout": {
      "time_param": "Timeout for Ada deposit"
    }
  }
}
