{
  "when": [
    {
      "then": {
        "when": [
          {
            "then": {
              "token": {
                "token_name": "",
                "currency_symbol": ""
              },
              "to": {
                "party": {
                  "role_token": "Dollar provider"
                }
              },
              "then": {
                "token": {
                  "token_name": "dollar",
                  "currency_symbol": "85bb65"
                },
                "to": {
                  "party": {
                    "role_token": "Ada provider"
                  }
                },
                "then": "close",
                "pay": {
                  "constant_param": "Amount of dollars"
                },
                "from_account": {
                  "role_token": "Dollar provider"
                }
              },
              "pay": {
                "times": {
                  "constant_param": "Amount of Ada"
                },
                "multiply": 1000000
              },
              "from_account": {
                "role_token": "Ada provider"
              }
            },
            "case": {
              "party": {
                "role_token": "Dollar provider"
              },
              "of_token": {
                "token_name": "dollar",
                "currency_symbol": "85bb65"
              },
              "into_account": {
                "role_token": "Dollar provider"
              },
              "deposits": {
                "constant_param": "Amount of dollars"
              }
            }
          }
        ],
        "timeout_continuation": "close",
        "timeout": {
          "time_param": "Timeout for dollar deposit"
        }
      },
      "case": {
        "party": {
          "role_token": "Ada provider"
        },
        "of_token": {
          "token_name": "",
          "currency_symbol": ""
        },
        "into_account": {
          "role_token": "Ada provider"
        },
        "deposits": {
          "times": {
            "constant_param": "Amount of Ada"
          },
          "multiply": 1000000
        }
      }
    }
  ],
  "timeout_continuation": "close",
  "timeout": {
    "time_param": "Timeout for Ada deposit"
  }
}
